# probe started at 1781797478 endpoint=http://localhost:8080/checkout/health
1781797478 pass 79
1781797483 pass 29
1781797488 pass 29
1781797493 pass 30
1781797498 pass 29
1781797503 pass 29
1781797509 pass 27
1781797514 pass 35
1781797519 pass 47
1781797524 pass 35
1781797529 pass 30
1781797534 pass 29
1781797539 pass 31
1781797544 pass 30
1781797549 pass 31
1781797554 pass 31
1781797559 pass 27
1781797564 pass 29
1781797569 pass 31
1781797574 pass 27
1781797579 pass 31
1781797584 pass 29
1781797589 pass 28
1781797594 pass 28
1781797599 pass 30
1781797604 pass 29
1781797609 pass 29
1781797614 pass 40
1781797620 pass 39
1781797625 pass 30
1781797630 pass 33
1781797635 pass 33
1781797640 pass 32
1781797645 pass 36
1781797650 pass 34
1781797655 pass 33
1781797660 pass 30
1781797665 pass 34
1781797670 pass 30
1781797675 pass 32
1781797680 pass 30
1781797685 pass 40
1781797690 pass 43
1781797695 pass 39
1781797700 pass 42
1781797705 pass 73
1781797710 pass 38
1781797716 pass 34
1781797721 pass 29
1781797726 pass 36
1781797731 pass 32
1781797736 pass 28
1781797741 pass 30
1781797746 pass 31
1781797751 pass 48
1781797756 pass 30
1781797761 pass 33
1781797766 pass 39
1781797771 pass 32
1781797776 pass 46
1781797781 pass 29
1781797786 pass 48
1781797791 pass 38
1781797796 pass 38
1781797801 pass 37
1781797806 pass 44
1781797811 pass 31
1781797817 pass 29
1781797822 pass 30
1781797827 pass 42
1781797832 pass 33
1781797837 pass 32
1781797842 pass 32
1781797847 pass 39
1781797852 pass 37
1781797857 pass 28
1781797862 pass 35
1781797867 pass 29
1781797872 pass 29
1781797877 pass 30
1781797882 pass 32
1781797887 pass 34
1781797892 pass 38
1781797897 pass 36
1781797902 pass 32
1781797907 pass 33
1781797912 pass 41
1781797917 pass 37
1781797923 pass 32
1781797928 pass 39
1781797933 pass 30
1781797938 pass 47
1781797943 pass 30
1781797948 pass 30
1781797953 pass 34
1781797958 pass 32
1781797963 pass 40
1781797968 pass 29
1781797973 pass 40
1781797978 pass 42
1781797983 pass 56
1781797988 pass 30
1781797993 pass 32
1781797998 pass 36
1781798003 pass 30
1781798008 pass 34
1781798013 pass 32
1781798019 pass 29
1781798024 pass 28
1781798029 pass 30
1781798034 pass 34
1781798039 pass 30
1781798044 pass 40
1781798049 pass 32
1781798054 pass 45
1781798059 pass 35
1781798064 pass 28
1781798069 pass 34
1781798074 pass 38
1781798079 pass 45
1781798084 pass 33
1781798089 pass 37
1781798094 pass 37
1781798099 pass 32
1781798104 pass 37
1781798109 pass 37
1781798114 pass 33
1781798120 pass 30
1781798125 pass 32
1781798130 pass 33
1781798135 pass 32
1781798140 pass 33
1781798145 pass 32
1781798150 pass 30
1781798155 pass 46
1781798160 pass 29
1781798165 pass 34
1781798170 pass 28
1781798175 pass 31
1781798180 pass 70
1781798185 pass 39
1781798190 pass 34
1781798195 pass 31
1781798200 pass 33
1781798205 pass 33
1781798210 pass 33
1781798215 pass 32
1781798221 pass 33
1781798226 pass 32
1781798231 pass 44
1781798236 pass 37
1781798241 pass 30
1781798246 pass 30
1781798251 pass 36
1781798256 pass 32
1781798261 pass 62
1781798266 pass 30
1781798271 pass 32
1781798276 pass 34
1781798281 pass 37
1781798286 pass 41
1781798291 pass 34
1781798296 pass 39
1781798301 pass 32
1781798306 pass 30
1781798311 pass 33
1781798316 pass 31
1781798322 pass 34
1781798327 pass 32
1781798332 pass 32
1781798337 pass 36
1781798342 pass 32
1781798347 pass 33
1781798352 pass 34
1781798357 pass 44
1781798362 pass 30
1781798367 pass 47
1781798372 pass 32
1781798377 pass 36
1781798382 pass 37
1781798387 pass 31
1781798392 pass 34
1781798397 pass 31
1781798402 pass 31
1781798407 pass 38
1781798412 pass 35
1781798417 pass 37
1781798423 pass 29
1781798428 pass 34
1781798433 pass 30
1781798438 pass 31
1781798443 pass 33
1781798448 pass 33
1781798453 pass 33
1781798458 pass 32
1781798463 pass 32
1781798468 pass 34
1781798473 pass 30
1781798478 pass 33
